client/src/components/AurionAuthoringWorkbench.tsx(40,38): error TS2339: Property 'publishPlan' does not exist on type 'DecorateRouterRecord<{ ctx: TrpcContext; meta: object; errorShape: DefaultErrorShape; transformer: true; }, DecorateCreateRouterOptions<{ status: QueryProcedure<{ input: void; output: AdminQuestStudioStatus; meta: object; }>; ... 5 more ...; visualSupport: MutationProcedure<...>; }>>'.
client/src/components/AurionAuthoringWorkbench.tsx(41,41): error TS2339: Property 'publish' does not exist on type 'DecorateRouterRecord<{ ctx: TrpcContext; meta: object; errorShape: DefaultErrorShape; transformer: true; }, DecorateCreateRouterOptions<{ status: QueryProcedure<{ input: void; output: AdminQuestStudioStatus; meta: object; }>; ... 5 more ...; visualSupport: MutationProcedure<...>; }>>'.
client/src/components/AurionAuthoringWorkbench.tsx(163,81): error TS2339: Property 'glbCatalogRevision' does not exist on type '{ world: { revision: string; designs: { id: string; designKey: string; version: number; worldId: string; title: string; expectedCatalogRevision: string; designHash: string; active: boolean; placements: { ...; }[]; designJson?: string | undefined; createdByUserId?: number | undefined; createdAt?: string | ... 1 more ...'.
client/src/components/AuthoredQuestJournal.tsx(7,38): error TS2339: Property 'available' does not exist on type 'DecorateRouterRecord<{ ctx: TrpcContext; meta: object; errorShape: DefaultErrorShape; transformer: true; }, DecorateCreateRouterOptions<{ status: QueryProcedure<{ input: void; output: AdminQuestStudioStatus; meta: object; }>; ... 5 more ...; visualSupport: MutationProcedure<...>; }>>'.
client/src/components/AuthoredQuestJournal.tsx(8,38): error TS2551: Property 'myInstances' does not exist on type 'DecorateRouterRecord<{ ctx: TrpcContext; meta: object; errorShape: DefaultErrorShape; transformer: true; }, DecorateCreateRouterOptions<{ status: QueryProcedure<{ input: void; output: AdminQuestStudioStatus; meta: object; }>; ... 5 more ...; visualSupport: MutationProcedure<...>; }>>'. Did you mean 'instances'?
client/src/components/AuthoredQuestJournal.tsx(10,36): error TS2339: Property 'details' does not exist on type 'DecorateRouterRecord<{ ctx: TrpcContext; meta: object; errorShape: DefaultErrorShape; transformer: true; }, DecorateCreateRouterOptions<{ status: QueryProcedure<{ input: void; output: AdminQuestStudioStatus; meta: object; }>; ... 5 more ...; visualSupport: MutationProcedure<...>; }>>'.
client/src/components/AuthoredQuestJournal.tsx(14,34): error TS2339: Property 'offer' does not exist on type 'DecorateRouterRecord<{ ctx: TrpcContext; meta: object; errorShape: DefaultErrorShape; transformer: true; }, DecorateCreateRouterOptions<{ status: QueryProcedure<{ input: void; output: AdminQuestStudioStatus; meta: object; }>; ... 5 more ...; visualSupport: MutationProcedure<...>; }>>'.
client/src/components/AuthoredQuestJournal.tsx(15,35): error TS2339: Property 'accept' does not exist on type 'DecorateRouterRecord<{ ctx: TrpcContext; meta: object; errorShape: DefaultErrorShape; transformer: true; }, DecorateCreateRouterOptions<{ status: QueryProcedure<{ input: void; output: AdminQuestStudioStatus; meta: object; }>; ... 5 more ...; visualSupport: MutationProcedure<...>; }>>'.
client/src/components/AuthoredQuestJournal.tsx(16,35): error TS2339: Property 'choose' does not exist on type 'DecorateRouterRecord<{ ctx: TrpcContext; meta: object; errorShape: DefaultErrorShape; transformer: true; }, DecorateCreateRouterOptions<{ status: QueryProcedure<{ input: void; output: AdminQuestStudioStatus; meta: object; }>; ... 5 more ...; visualSupport: MutationProcedure<...>; }>>'.
client/src/components/AuthoredQuestJournal.tsx(17,37): error TS2339: Property 'complete' does not exist on type 'DecorateRouterRecord<{ ctx: TrpcContext; meta: object; errorShape: DefaultErrorShape; transformer: true; }, DecorateCreateRouterOptions<{ status: QueryProcedure<{ input: void; output: AdminQuestStudioStatus; meta: object; }>; ... 5 more ...; visualSupport: MutationProcedure<...>; }>>'.
client/src/components/AuthoredQuestJournal.tsx(22,37): error TS7006: Parameter 'node' implicitly has an 'any' type.
client/src/components/AuthoredQuestJournal.tsx(27,37): error TS7006: Parameter 'edge' implicitly has an 'any' type.
client/src/components/AuthoredQuestJournal.tsx(34,25): error TS2551: Property 'myInstances' does not exist on type 'DecorateRouter & { status: DecorateQueryProcedure<{ ctx: TrpcContext; meta: object; errorShape: DefaultErrorShape; transformer: true; }, QueryProcedure<{ input: void; output: AdminQuestStudioStatus; meta: object; }>>; ... 5 more ...; visualSupport: DecorateMutationProcedure<...>; }'. Did you mean 'instances'?
client/src/components/AuthoredQuestJournal.tsx(35,25): error TS2339: Property 'available' does not exist on type 'DecorateRouter & { status: DecorateQueryProcedure<{ ctx: TrpcContext; meta: object; errorShape: DefaultErrorShape; transformer: true; }, QueryProcedure<{ input: void; output: AdminQuestStudioStatus; meta: object; }>>; ... 5 more ...; visualSupport: DecorateMutationProcedure<...>; }'.
client/src/components/AuthoredQuestJournal.tsx(39,31): error TS2339: Property 'details' does not exist on type 'DecorateRouter & { status: DecorateQueryProcedure<{ ctx: TrpcContext; meta: object; errorShape: DefaultErrorShape; transformer: true; }, QueryProcedure<{ input: void; output: AdminQuestStudioStatus; meta: object; }>>; ... 5 more ...; visualSupport: DecorateMutationProcedure<...>; }'.
client/src/components/AuthoredQuestJournal.tsx(47,37): error TS7006: Parameter 'template' implicitly has an 'any' type.
client/src/components/AuthoredQuestJournal.tsx(66,37): error TS7006: Parameter 'instance' implicitly has an 'any' type.
client/src/components/AuthoredQuestJournal.tsx(107,26): error TS7006: Parameter 'edge' implicitly has an 'any' type.
client/src/components/GameDevelopmentStudioWorkbench.tsx(50,47): error TS2339: Property 'os3aSource' does not exist on type 'DecorateRouterRecord<{ ctx: TrpcContext; meta: object; errorShape: DefaultErrorShape; transformer: true; }, DecorateCreateRouterOptions<{ propose: MutationProcedure<{ input: { changeKind: "world" | "quest" | "npc_behavior" | "content_model"; request: string; }; output: { ...; }; meta: object; }>; designAsset: Mutati...'.
client/src/components/GameDevelopmentStudioWorkbench.tsx(51,48): error TS2339: Property 'os3aGapScan' does not exist on type 'DecorateRouterRecord<{ ctx: TrpcContext; meta: object; errorShape: DefaultErrorShape; transformer: true; }, DecorateCreateRouterOptions<{ propose: MutationProcedure<{ input: { changeKind: "world" | "quest" | "npc_behavior" | "content_model"; request: string; }; output: { ...; }; meta: object; }>; designAsset: Mutati...'.
client/src/components/GameDevelopmentStudioWorkbench.tsx(52,53): error TS2339: Property 'os3aGapReconcile' does not exist on type 'DecorateRouterRecord<{ ctx: TrpcContext; meta: object; errorShape: DefaultErrorShape; transformer: true; }, DecorateCreateRouterOptions<{ propose: MutationProcedure<{ input: { changeKind: "world" | "quest" | "npc_behavior" | "content_model"; request: string; }; output: { ...; }; meta: object; }>; designAsset: Mutati...'.
client/src/components/GameDevelopmentStudioWorkbench.tsx(60,47): error TS2339: Property 'os3aSearch' does not exist on type 'DecorateRouterRecord<{ ctx: TrpcContext; meta: object; errorShape: DefaultErrorShape; transformer: true; }, DecorateCreateRouterOptions<{ propose: MutationProcedure<{ input: { changeKind: "world" | "quest" | "npc_behavior" | "content_model"; request: string; }; output: { ...; }; meta: object; }>; designAsset: Mutati...'.
client/src/components/GameDevelopmentStudioWorkbench.tsx(61,16): error TS7006: Parameter 'result' implicitly has an 'any' type.
client/src/components/GameDevelopmentStudioWorkbench.tsx(62,41): error TS7006: Parameter 'match' implicitly has an 'any' type.
client/src/components/GameDevelopmentStudioWorkbench.tsx(71,45): error TS2339: Property 'os3aPlan' does not exist on type 'DecorateRouterRecord<{ ctx: TrpcContext; meta: object; errorShape: DefaultErrorShape; transformer: true; }, DecorateCreateRouterOptions<{ propose: MutationProcedure<{ input: { changeKind: "world" | "quest" | "npc_behavior" | "content_model"; request: string; }; output: { ...; }; meta: object; }>; designAsset: Mutati...'.
client/src/components/GameDevelopmentStudioWorkbench.tsx(72,46): error TS2339: Property 'os3aApply' does not exist on type 'DecorateRouterRecord<{ ctx: TrpcContext; meta: object; errorShape: DefaultErrorShape; transformer: true; }, DecorateCreateRouterOptions<{ propose: MutationProcedure<{ input: { changeKind: "world" | "quest" | "npc_behavior" | "content_model"; request: string; }; output: { ...; }; meta: object; }>; designAsset: Mutati...'.
client/src/components/GameDevelopmentStudioWorkbench.tsx(174,48): error TS7006: Parameter 'gap' implicitly has an 'any' type.
client/src/components/GameDevelopmentStudioWorkbench.tsx(285,48): error TS7006: Parameter 'match' implicitly has an 'any' type.
client/src/components/GameDevelopmentStudioWorkbench.tsx(457,40): error TS2345: Argument of type '{ designWorkOrderSha256?: string | undefined; license?: string | undefined; displayName: string; fileName: string; contentBase64: string; purpose: LivePurpose; packageVersion: string; rightsBasis: "owner-created-private" | "licensed"; }' is not assignable to parameter of type '{ displayName: string; fileName: string; contentBase64: string; purpose: "npc-fallback" | "world-environment" | "world-nature" | "player-public" | "equipment"; packageVersion?: string | undefined; rightsBasis?: "owner-created-private" | ... 1 more ... | undefined; license?: string | undefined; designWorkOrderSha256?...'.
  Types of property 'purpose' are incompatible.
    Type 'LivePurpose' is not assignable to type '"npc-fallback" | "world-environment" | "world-nature" | "player-public" | "equipment"'.
      Type '"enemy-fallback"' is not assignable to type '"npc-fallback" | "world-environment" | "world-nature" | "player-public" | "equipment"'.
client/src/components/GameDevelopmentStudioWorkbench.tsx(488,17): error TS2322: Type '{ designWorkOrderSha256?: string | undefined; license?: string | undefined; displayName: string; fileName: string; contentBase64: string; purpose: LivePurpose; packageVersion: string; rightsBasis: "owner-created-private" | "licensed"; }' is not assignable to type '{ displayName: string; fileName: string; contentBase64: string; purpose: "npc-fallback" | "world-environment" | "world-nature" | "player-public" | "equipment"; packageVersion?: string | undefined; rightsBasis?: "owner-created-private" | ... 1 more ... | undefined; license?: string | undefined; designWorkOrderSha256?...'.
  Types of property 'purpose' are incompatible.
    Type 'LivePurpose' is not assignable to type '"npc-fallback" | "world-environment" | "world-nature" | "player-public" | "equipment"'.
      Type '"enemy-fallback"' is not assignable to type '"npc-fallback" | "world-environment" | "world-nature" | "player-public" | "equipment"'.
client/src/components/SystemStatusDashboard.tsx(7,71): error TS2339: Property 'dashboardStatus' does not exist on type 'DecorateRouterRecord<{ ctx: TrpcContext; meta: object; errorShape: DefaultErrorShape; transformer: true; }, DecorateCreateRouterOptions<{ health: QueryProcedure<{ input: void; output: { ok: boolean; timestamp: number; }; meta: object; }>; notifyOwner: MutationProcedure<...>; }>>'.
client/src/components/SystemStatusDashboard.tsx(44,24): error TS7006: Parameter 's' implicitly has an 'any' type.
client/src/pages/GlbUpload.tsx(28,3): error TS2353: Object literal may only specify known properties, and '"enemy-fallback"' does not exist in type 'Record<"auto" | "npc-fallback" | "world-environment" | "world-nature" | "player-public" | "equipment", string>'.
client/src/pages/GlbUpload.tsx(37,3): error TS2353: Object literal may only specify known properties, and '"enemy-fallback"' does not exist in type 'Record<"auto" | "npc-fallback" | "world-environment" | "world-nature" | "player-public" | "equipment", string>'.
client/src/pages/GlbUpload.tsx(161,9): error TS2367: This comparison appears to be unintentional because the types '"auto" | "npc-fallback" | "world-environment" | "world-nature" | "player-public" | "equipment"' and '"enemy-fallback"' have no overlap.
client/src/xaurion/integration/AurionGroupFinder.tsx(27,18): error TS2339: Property 'title' does not exist on type '{ id: number; kind: string; position: { x: number; z: number; }; hash: string; }'.
client/src/xaurion/integration/AurionGroupFinder.tsx(28,15): error TS2339: Property 'objective' does not exist on type '{ id: number; kind: string; position: { x: number; z: number; }; hash: string; }'.
client/src/xaurion/integration/AurionGroupFinder.tsx(28,49): error TS2339: Property 'objective' does not exist on type '{ id: number; kind: string; position: { x: number; z: number; }; hash: string; }'.
client/src/xaurion/integration/AurionGroupFinder.tsx(28,79): error TS2339: Property 'objective' does not exist on type '{ id: number; kind: string; position: { x: number; z: number; }; hash: string; }'.
client/src/xaurion/integration/AurionGroupFinder.tsx(29,15): error TS2339: Property 'assetId' does not exist on type '{ id: number; kind: string; position: { x: number; z: number; }; hash: string; }'.
client/src/xaurion/integration/AurionGroupFinder.tsx(29,41): error TS2339: Property 'assetId' does not exist on type '{ id: number; kind: string; position: { x: number; z: number; }; hash: string; }'.
client/src/xaurion/integration/AurionGroupFinder.tsx(36,70): error TS2339: Property 'label' does not exist on type '{ id: string; hp: number; damage: number; }'.
client/src/xaurion/integration/AurionOpenWorldRuntime.tsx(319,51): error TS2339: Property 'beginClientProjection' does not exist on type 'DecoratedProcedureRecord<{ transformer: true; errorShape: DefaultErrorShape; }, DecorateCreateRouterOptions<{ progress: QueryProcedure<{ input: void; output: { profile: { userId: number; level: number; totalXp: number; aurionPoints: number; ... 5 more ...; updatedAt: Date; }; ... 5 more ...; canEnterDungeon: boolean...'.
client/src/xaurion/integration/AurionOpenWorldRuntime.tsx(325,38): error TS2339: Property 'worldChunkProjectionV2' does not exist on type 'DecorateRouter & { progress: DecorateQueryProcedure<{ ctx: TrpcContext; meta: object; errorShape: DefaultErrorShape; transformer: true; }, QueryProcedure<{ input: void; output: { ...; }; meta: object; }>>; ... 17 more ...; requestQuestActionFromDialogue: DecorateMutationProcedure<...>; }'.
client/src/xaurion/integration/AurionOpenWorldRuntime.tsx(332,98): error TS2339: Property 'projectionHash' does not exist on type 'WorldChunkProjectionManifestV2'.
client/src/xaurion/integration/AurionOpenWorldRuntime.tsx(335,59): error TS2339: Property 'reportClientVerification' does not exist on type 'DecoratedProcedureRecord<{ transformer: true; errorShape: DefaultErrorShape; }, DecorateCreateRouterOptions<{ progress: QueryProcedure<{ input: void; output: { profile: { userId: number; level: number; totalXp: number; aurionPoints: number; ... 5 more ...; updatedAt: Date; }; ... 5 more ...; canEnterDungeon: boolean...'.
client/src/xaurion/integration/ConfirmedChunkProjection.ts(128,84): error TS2554: Expected 2 arguments, but got 3.
client/src/xaurion/integration/ConfirmedChunkProjection.ts(133,116): error TS2339: Property 'projectionHash' does not exist on type 'WorldChunkProjectionManifestV2'.
client/src/xaurion/integration/NpcDecisionPanel.tsx(10,29): error TS2339: Property 'npcActions' does not exist on type 'DecorateRouterRecord<{ ctx: TrpcContext; meta: object; errorShape: DefaultErrorShape; transformer: true; }, DecorateCreateRouterOptions<{ progress: QueryProcedure<{ input: void; output: { profile: { userId: number; level: number; ... 7 more ...; updatedAt: Date; }; ... 5 more ...; canEnterDungeon: boolean; }; meta: ...'.
client/src/xaurion/integration/NpcDecisionPanel.tsx(26,29): error TS2339: Property 'npcSemanticGraph' does not exist on type 'DecorateRouterRecord<{ ctx: TrpcContext; meta: object; errorShape: DefaultErrorShape; transformer: true; }, DecorateCreateRouterOptions<{ progress: QueryProcedure<{ input: void; output: { profile: { userId: number; level: number; ... 7 more ...; updatedAt: Date; }; ... 5 more ...; canEnterDungeon: boolean; }; meta: ...'.
client/src/xaurion/integration/UploadedWorldCatalogProjection.ts(90,25): error TS2345: Argument of type 'Readonly<{ id: `authored:${string}:${string}`; asset: { assetId: string; sha256: string; displayName: string; assetType: "character" | "enemy" | "weapon" | "armor" | "arena"; storageUrl: string; targetKey: string | null; purpose: "auto" | ... 4 more ... | "equipment"; subcategory: string | null; equipmentSlot: "weap...' is not assignable to parameter of type 'Readonly<{ id: string; asset: { assetId: string; sha256: string; displayName: string; assetType: "character" | "enemy" | "weapon" | "armor" | "arena"; storageUrl: string; targetKey: string | null; purpose: "auto" | ... 4 more ... | "equipment"; subcategory: string | null; equipmentSlot: "weapon" | ... 7 more ... | n...'.
  Types of property 'rotationQuarterTurns' are incompatible.
    Type 'number' is not assignable to type '0 | 1 | 2 | 3'.
